Analysis & Synthesis report for top_level
Thu Aug 27 20:34:51 2026
Quartus Prime Version 18.1.0 Build 625 09/12/2018 SJ Lite Edition


---------------------
; Table of Contents ;
---------------------
  1. Legal Notice
  2. Analysis & Synthesis Summary
  3. Analysis & Synthesis Settings
  4. Parallel Compilation
  5. Analysis & Synthesis Source Files Read
  6. Analysis & Synthesis Resource Usage Summary
  7. Analysis & Synthesis Resource Utilization by Entity
  8. Registers Removed During Synthesis
  9. Removed Registers Triggering Further Register Optimizations
 10. General Register Statistics
 11. Inverted Register Statistics
 12. Multiplexer Restructuring Statistics (Restructuring Performed)
 13. Parameter Settings for User Entity Instance: Top-level Entity: |top_level
 14. Parameter Settings for User Entity Instance: button_input:u_button_input
 15. Parameter Settings for User Entity Instance: button_input:u_button_input|debounce:lane_keys[0].u_deb
 16. Parameter Settings for User Entity Instance: button_input:u_button_input|debounce:lane_keys[1].u_deb
 17. Parameter Settings for User Entity Instance: button_input:u_button_input|debounce:lane_keys[2].u_deb
 18. Parameter Settings for User Entity Instance: button_input:u_button_input|debounce:lane_keys[3].u_deb
 19. Parameter Settings for User Entity Instance: button_input:u_button_input|debounce:u_sw0
 20. Parameter Settings for User Entity Instance: button_input:u_button_input|debounce:u_sw1
 21. Parameter Settings for User Entity Instance: button_input:u_button_input|debounce:u_sw2
 22. Parameter Settings for User Entity Instance: beat_gen:u_beat_gen
 23. Parameter Settings for User Entity Instance: beat_gen:u_beat_gen|timer:u_beat
 24. Parameter Settings for User Entity Instance: beat_gen:u_beat_gen|timer:u_phase
 25. Parameter Settings for User Entity Instance: rng:u_rng
 26. Parameter Settings for User Entity Instance: note_scheduler:u_note_scheduler
 27. Parameter Settings for User Entity Instance: hit_detector:u_hit_detector
 28. Parameter Settings for User Entity Instance: multiplier:u_multiplier
 29. Parameter Settings for User Entity Instance: score:u_score
 30. Parameter Settings for User Entity Instance: score_bcd:u_score_bcd
 31. Parameter Settings for Inferred Entity Instance: score_bcd:u_score_bcd|lpm_divide:Mod1
 32. Parameter Settings for Inferred Entity Instance: score_bcd:u_score_bcd|lpm_divide:Div0
 33. Parameter Settings for Inferred Entity Instance: score_bcd:u_score_bcd|lpm_divide:Mod0
 34. Port Connectivity Checks: "multiplier:u_multiplier"
 35. Port Connectivity Checks: "beat_gen:u_beat_gen|timer:u_phase"
 36. Port Connectivity Checks: "beat_gen:u_beat_gen|timer:u_beat"
 37. Port Connectivity Checks: "level_select:u_level_select"
 38. Port Connectivity Checks: "button_input:u_button_input"
 39. Post-Synthesis Netlist Statistics for Top Partition
 40. Elapsed Time Per Partition
 41. Analysis & Synthesis Messages



----------------
; Legal Notice ;
----------------
Copyright (C) 2018  Intel Corporation. All rights reserved.
Your use of Intel Corporation's design tools, logic functions 
and other software and tools, and its AMPP partner logic 
functions, and any output files from any of the foregoing 
(including device programming or simulation files), and any 
associated documentation or information are expressly subject 
to the terms and conditions of the Intel Program License 
Subscription Agreement, the Intel Quartus Prime License Agreement,
the Intel FPGA IP License Agreement, or other applicable license
agreement, including, without limitation, that your use is for
the sole purpose of programming logic devices manufactured by
Intel and sold by Intel or its authorized distributors.  Please
refer to the applicable agreement for further details.



+-------------------------------------------------------------------------------+
; Analysis & Synthesis Summary                                                  ;
+---------------------------------+---------------------------------------------+
; Analysis & Synthesis Status     ; Successful - Thu Aug 27 20:34:51 2026       ;
; Quartus Prime Version           ; 18.1.0 Build 625 09/12/2018 SJ Lite Edition ;
; Revision Name                   ; top_level                                   ;
; Top-level Entity Name           ; top_level                                   ;
; Family                          ; Cyclone V                                   ;
; Logic utilization (in ALMs)     ; N/A                                         ;
; Total registers                 ; 359                                         ;
; Total pins                      ; 67                                          ;
; Total virtual pins              ; 0                                           ;
; Total block memory bits         ; 0                                           ;
; Total DSP Blocks                ; 0                                           ;
; Total HSSI RX PCSs              ; 0                                           ;
; Total HSSI PMA RX Deserializers ; 0                                           ;
; Total HSSI TX PCSs              ; 0                                           ;
; Total HSSI PMA TX Serializers   ; 0                                           ;
; Total PLLs                      ; 0                                           ;
; Total DLLs                      ; 0                                           ;
+---------------------------------+---------------------------------------------+


+---------------------------------------------------------------------------------------------------------------------------+
; Analysis & Synthesis Settings                                                                                             ;
+---------------------------------------------------------------------------------+--------------------+--------------------+
; Option                                                                          ; Setting            ; Default Value      ;
+---------------------------------------------------------------------------------+--------------------+--------------------+
; Device                                                                          ; 5CSEMA5F31C6       ;                    ;
; Top-level entity name                                                           ; top_level          ; top_level          ;
; Family name                                                                     ; Cyclone V          ; Cyclone V          ;
; Verilog Version                                                                 ; SystemVerilog_2005 ; Verilog_2001       ;
; Use smart compilation                                                           ; Off                ; Off                ;
; Enable parallel Assembler and Timing Analyzer during compilation                ; On                 ; On                 ;
; Enable compact report table                                                     ; Off                ; Off                ;
; Restructure Multiplexers                                                        ; Auto               ; Auto               ;
; MLAB Add Timing Constraints For Mixed-Port Feed-Through Mode Setting Don't Care ; Off                ; Off                ;
; Create Debugging Nodes for IP Cores                                             ; Off                ; Off                ;
; Preserve fewer node names                                                       ; On                 ; On                 ;
; Intel FPGA IP Evaluation Mode                                                   ; Enable             ; Enable             ;
; VHDL Version                                                                    ; VHDL_1993          ; VHDL_1993          ;
; State Machine Processing                                                        ; Auto               ; Auto               ;
; Safe State Machine                                                              ; Off                ; Off                ;
; Extract Verilog State Machines                                                  ; On                 ; On                 ;
; Extract VHDL State Machines                                                     ; On                 ; On                 ;
; Ignore Verilog initial constructs                                               ; Off                ; Off                ;
; Iteration limit for constant Verilog loops                                      ; 5000               ; 5000               ;
; Iteration limit for non-constant Verilog loops                                  ; 250                ; 250                ;
; Add Pass-Through Logic to Inferred RAMs                                         ; On                 ; On                 ;
; Infer RAMs from Raw Logic                                                       ; On                 ; On                 ;
; Parallel Synthesis                                                              ; On                 ; On                 ;
; DSP Block Balancing                                                             ; Auto               ; Auto               ;
; NOT Gate Push-Back                                                              ; On                 ; On                 ;
; Power-Up Don't Care                                                             ; On                 ; On                 ;
; Remove Redundant Logic Cells                                                    ; Off                ; Off                ;
; Remove Duplicate Registers                                                      ; On                 ; On                 ;
; Ignore CARRY Buffers                                                            ; Off                ; Off                ;
; Ignore CASCADE Buffers                                                          ; Off                ; Off                ;
; Ignore GLOBAL Buffers                                                           ; Off                ; Off                ;
; Ignore ROW GLOBAL Buffers                                                       ; Off                ; Off                ;
; Ignore LCELL Buffers                                                            ; Off                ; Off                ;
; Ignore SOFT Buffers                                                             ; On                 ; On                 ;
; Limit AHDL Integers to 32 Bits                                                  ; Off                ; Off                ;
; Optimization Technique                                                          ; Balanced           ; Balanced           ;
; Carry Chain Length                                                              ; 70                 ; 70                 ;
; Auto Carry Chains                                                               ; On                 ; On                 ;
; Auto Open-Drain Pins                                                            ; On                 ; On                 ;
; Perform WYSIWYG Primitive Resynthesis                                           ; Off                ; Off                ;
; Auto ROM Replacement                                                            ; On                 ; On                 ;
; Auto RAM Replacement                                                            ; On                 ; On                 ;
; Auto DSP Block Replacement                                                      ; On                 ; On                 ;
; Auto Shift Register Replacement                                                 ; Auto               ; Auto               ;
; Allow Shift Register Merging across Hierarchies                                 ; Auto               ; Auto               ;
; Auto Clock Enable Replacement                                                   ; On                 ; On                 ;
; Strict RAM Replacement                                                          ; Off                ; Off                ;
; Allow Synchronous Control Signals                                               ; On                 ; On                 ;
; Force Use of Synchronous Clear Signals                                          ; Off                ; Off                ;
; Auto Resource Sharing                                                           ; Off                ; Off                ;
; Allow Any RAM Size For Recognition                                              ; Off                ; Off                ;
; Allow Any ROM Size For Recognition                                              ; Off                ; Off                ;
; Allow Any Shift Register Size For Recognition                                   ; Off                ; Off                ;
; Use LogicLock Constraints during Resource Balancing                             ; On                 ; On                 ;
; Ignore translate_off and synthesis_off directives                               ; Off                ; Off                ;
; Timing-Driven Synthesis                                                         ; On                 ; On                 ;
; Report Parameter Settings                                                       ; On                 ; On                 ;
; Report Source Assignments                                                       ; On                 ; On                 ;
; Report Connectivity Checks                                                      ; On                 ; On                 ;
; Ignore Maximum Fan-Out Assignments                                              ; Off                ; Off                ;
; Synchronization Register Chain Length                                           ; 3                  ; 3                  ;
; Power Optimization During Synthesis                                             ; Normal compilation ; Normal compilation ;
; HDL message level                                                               ; Level2             ; Level2             ;
; Suppress Register Optimization Related Messages                                 ; Off                ; Off                ;
; Number of Removed Registers Reported in Synthesis Report                        ; 5000               ; 5000               ;
; Number of Swept Nodes Reported in Synthesis Report                              ; 5000               ; 5000               ;
; Number of Inverted Registers Reported in Synthesis Report                       ; 100                ; 100                ;
; Clock MUX Protection                                                            ; On                 ; On                 ;
; Auto Gated Clock Conversion                                                     ; Off                ; Off                ;
; Block Design Naming                                                             ; Auto               ; Auto               ;
; SDC constraint protection                                                       ; Off                ; Off                ;
; Synthesis Effort                                                                ; Auto               ; Auto               ;
; Shift Register Replacement - Allow Asynchronous Clear Signal                    ; On                 ; On                 ;
; Pre-Mapping Resynthesis Optimization                                            ; Off                ; Off                ;
; Analysis & Synthesis Message Level                                              ; Medium             ; Medium             ;
; Disable Register Merging Across Hierarchies                                     ; Auto               ; Auto               ;
; Resource Aware Inference For Block RAM                                          ; On                 ; On                 ;
; Automatic Parallel Synthesis                                                    ; On                 ; On                 ;
; Partial Reconfiguration Bitstream ID                                            ; Off                ; Off                ;
+---------------------------------------------------------------------------------+--------------------+--------------------+


+------------------------------------------+
; Parallel Compilation                     ;
+----------------------------+-------------+
; Processors                 ; Number      ;
+----------------------------+-------------+
; Number detected on machine ; 8           ;
; Maximum allowed            ; 4           ;
;                            ;             ;
; Average used               ; 1.00        ;
; Maximum used               ; 4           ;
;                            ;             ;
; Usage by Processor         ; % Time Used ;
;     Processor 1            ; 100.0%      ;
;     Processor 2            ;   0.0%      ;
;     Processor 3            ;   0.0%      ;
;     Processor 4            ;   0.0%      ;
+----------------------------+-------------+


+---------------------------------------------------------------------------------------------------------------------------------------------------------------------------------------+
; Analysis & Synthesis Source Files Read                                                                                                                                                ;
+-----------------------------------+-----------------+------------------------------+----------------------------------------------------------------------------------------+---------+
; File Name with User-Entered Path  ; Used in Netlist ; File Type                    ; File Name with Absolute Path                                                           ; Library ;
+-----------------------------------+-----------------+------------------------------+----------------------------------------------------------------------------------------+---------+
; player_input/synchroniser.v       ; yes             ; User Verilog HDL File        ; C:/Users/jimmy/Documents/Year_3/MTRX3700/piano_tiles/player_input/synchroniser.v       ;         ;
; player_input/debounce.v           ; yes             ; User Verilog HDL File        ; C:/Users/jimmy/Documents/Year_3/MTRX3700/piano_tiles/player_input/debounce.v           ;         ;
; timing/timer.v                    ; yes             ; User Verilog HDL File        ; C:/Users/jimmy/Documents/Year_3/MTRX3700/piano_tiles/timing/timer.v                    ;         ;
; display/sev_seg.v                 ; yes             ; User Verilog HDL File        ; C:/Users/jimmy/Documents/Year_3/MTRX3700/piano_tiles/display/sev_seg.v                 ;         ;
; Rob/rng.sv                        ; yes             ; User SystemVerilog HDL File  ; C:/Users/jimmy/Documents/Year_3/MTRX3700/piano_tiles/Rob/rng.sv                        ;         ;
; player_input/button_input.sv      ; yes             ; User SystemVerilog HDL File  ; C:/Users/jimmy/Documents/Year_3/MTRX3700/piano_tiles/player_input/button_input.sv      ;         ;
; timing/beat_gen.sv                ; yes             ; User SystemVerilog HDL File  ; C:/Users/jimmy/Documents/Year_3/MTRX3700/piano_tiles/timing/beat_gen.sv                ;         ;
; game_mechanics/hit_detector.sv    ; yes             ; User SystemVerilog HDL File  ; C:/Users/jimmy/Documents/Year_3/MTRX3700/piano_tiles/game_mechanics/hit_detector.sv    ;         ;
; Rob/note_scheduler.sv             ; yes             ; User SystemVerilog HDL File  ; C:/Users/jimmy/Documents/Year_3/MTRX3700/piano_tiles/Rob/note_scheduler.sv             ;         ;
; Rob/lane_controller.sv            ; yes             ; User SystemVerilog HDL File  ; C:/Users/jimmy/Documents/Year_3/MTRX3700/piano_tiles/Rob/lane_controller.sv            ;         ;
; game_mechanics/level_select.sv    ; yes             ; User SystemVerilog HDL File  ; C:/Users/jimmy/Documents/Year_3/MTRX3700/piano_tiles/game_mechanics/level_select.sv    ;         ;
; game_mechanics/multiplier.sv      ; yes             ; User SystemVerilog HDL File  ; C:/Users/jimmy/Documents/Year_3/MTRX3700/piano_tiles/game_mechanics/multiplier.sv      ;         ;
; game_mechanics/score.sv           ; yes             ; User SystemVerilog HDL File  ; C:/Users/jimmy/Documents/Year_3/MTRX3700/piano_tiles/game_mechanics/score.sv           ;         ;
; game_mechanics/score_board_bcd.sv ; yes             ; User SystemVerilog HDL File  ; C:/Users/jimmy/Documents/Year_3/MTRX3700/piano_tiles/game_mechanics/score_board_bcd.sv ;         ;
; game_mechanics/top_level.v        ; yes             ; User SystemVerilog HDL File  ; C:/Users/jimmy/Documents/Year_3/MTRX3700/piano_tiles/game_mechanics/top_level.v        ;         ;
; game_params.svh                   ; yes             ; Auto-Found Unspecified File  ; C:/Users/jimmy/Documents/Year_3/MTRX3700/piano_tiles/game_mechanics/game_params.svh    ;         ;
; lpm_divide.tdf                    ; yes             ; Megafunction                 ; c:/intelfpga_lite/18.1/quartus/libraries/megafunctions/lpm_divide.tdf                  ;         ;
; abs_divider.inc                   ; yes             ; Megafunction                 ; c:/intelfpga_lite/18.1/quartus/libraries/megafunctions/abs_divider.inc                 ;         ;
; sign_div_unsign.inc               ; yes             ; Megafunction                 ; c:/intelfpga_lite/18.1/quartus/libraries/megafunctions/sign_div_unsign.inc             ;         ;
; aglobal181.inc                    ; yes             ; Megafunction                 ; c:/intelfpga_lite/18.1/quartus/libraries/megafunctions/aglobal181.inc                  ;         ;
; db/lpm_divide_72m.tdf             ; yes             ; Auto-Generated Megafunction  ; C:/Users/jimmy/Documents/Year_3/MTRX3700/piano_tiles/db/lpm_divide_72m.tdf             ;         ;
; db/sign_div_unsign_akh.tdf        ; yes             ; Auto-Generated Megafunction  ; C:/Users/jimmy/Documents/Year_3/MTRX3700/piano_tiles/db/sign_div_unsign_akh.tdf        ;         ;
; db/alt_u_div_qse.tdf              ; yes             ; Auto-Generated Megafunction  ; C:/Users/jimmy/Documents/Year_3/MTRX3700/piano_tiles/db/alt_u_div_qse.tdf              ;         ;
; db/lpm_divide_4am.tdf             ; yes             ; Auto-Generated Megafunction  ; C:/Users/jimmy/Documents/Year_3/MTRX3700/piano_tiles/db/lpm_divide_4am.tdf             ;         ;
+-----------------------------------+-----------------+------------------------------+----------------------------------------------------------------------------------------+---------+


+--------------------------------------------------------------+
; Analysis & Synthesis Resource Usage Summary                  ;
+---------------------------------------------+----------------+
; Resource                                    ; Usage          ;
+---------------------------------------------+----------------+
; Estimate of Logic utilization (ALMs needed) ; 550            ;
;                                             ;                ;
; Combinational ALUT usage for logic          ; 941            ;
;     -- 7 input functions                    ; 7              ;
;     -- 6 input functions                    ; 148            ;
;     -- 5 input functions                    ; 115            ;
;     -- 4 input functions                    ; 187            ;
;     -- <=3 input functions                  ; 484            ;
;                                             ;                ;
; Dedicated logic registers                   ; 359            ;
;                                             ;                ;
; I/O pins                                    ; 67             ;
;                                             ;                ;
; Total DSP Blocks                            ; 0              ;
;                                             ;                ;
; Maximum fan-out node                        ; CLOCK_50~input ;
; Maximum fan-out                             ; 359            ;
; Total fan-out                               ; 4599           ;
; Average fan-out                             ; 3.21           ;
+---------------------------------------------+----------------+


+------------------------------------------------------------------------------------------------------------------------------------------------------------------------------------------------------------------------------------------------------------------------------------------------------------------------------+
; Analysis & Synthesis Resource Utilization by Entity                                                                                                                                                                                                                                                                          ;
+---------------------------------------------+---------------------+---------------------------+-------------------+------------+------+--------------+----------------------------------------------------------------------------------------------------------------------------------+---------------------+--------------+
; Compilation Hierarchy Node                  ; Combinational ALUTs ; Dedicated Logic Registers ; Block Memory Bits ; DSP Blocks ; Pins ; Virtual Pins ; Full Hierarchy Name                                                                                                              ; Entity Name         ; Library Name ;
+---------------------------------------------+---------------------+---------------------------+-------------------+------------+------+--------------+----------------------------------------------------------------------------------------------------------------------------------+---------------------+--------------+
; |top_level                                  ; 941 (50)            ; 359 (27)                  ; 0                 ; 0          ; 67   ; 0            ; |top_level                                                                                                                       ; top_level           ; work         ;
;    |beat_gen:u_beat_gen|                    ; 56 (3)              ; 38 (0)                    ; 0                 ; 0          ; 0    ; 0            ; |top_level|beat_gen:u_beat_gen                                                                                                   ; beat_gen            ; work         ;
;       |timer:u_beat|                        ; 38 (38)             ; 27 (27)                   ; 0                 ; 0          ; 0    ; 0            ; |top_level|beat_gen:u_beat_gen|timer:u_beat                                                                                      ; timer               ; work         ;
;       |timer:u_phase|                       ; 15 (15)             ; 11 (11)                   ; 0                 ; 0          ; 0    ; 0            ; |top_level|beat_gen:u_beat_gen|timer:u_phase                                                                                     ; timer               ; work         ;
;    |button_input:u_button_input|            ; 170 (26)            ; 153 (23)                  ; 0                 ; 0          ; 0    ; 0            ; |top_level|button_input:u_button_input                                                                                           ; button_input        ; work         ;
;       |debounce:lane_keys[0].u_deb|         ; 18 (17)             ; 16 (14)                   ; 0                 ; 0          ; 0    ; 0            ; |top_level|button_input:u_button_input|debounce:lane_keys[0].u_deb                                                               ; debounce            ; work         ;
;          |synchroniser:button_synchroniser| ; 1 (1)               ; 2 (2)                     ; 0                 ; 0          ; 0    ; 0            ; |top_level|button_input:u_button_input|debounce:lane_keys[0].u_deb|synchroniser:button_synchroniser                              ; synchroniser        ; work         ;
;       |debounce:lane_keys[1].u_deb|         ; 18 (17)             ; 16 (14)                   ; 0                 ; 0          ; 0    ; 0            ; |top_level|button_input:u_button_input|debounce:lane_keys[1].u_deb                                                               ; debounce            ; work         ;
;          |synchroniser:button_synchroniser| ; 1 (1)               ; 2 (2)                     ; 0                 ; 0          ; 0    ; 0            ; |top_level|button_input:u_button_input|debounce:lane_keys[1].u_deb|synchroniser:button_synchroniser                              ; synchroniser        ; work         ;
;       |debounce:lane_keys[2].u_deb|         ; 18 (17)             ; 16 (14)                   ; 0                 ; 0          ; 0    ; 0            ; |top_level|button_input:u_button_input|debounce:lane_keys[2].u_deb                                                               ; debounce            ; work         ;
;          |synchroniser:button_synchroniser| ; 1 (1)               ; 2 (2)                     ; 0                 ; 0          ; 0    ; 0            ; |top_level|button_input:u_button_input|debounce:lane_keys[2].u_deb|synchroniser:button_synchroniser                              ; synchroniser        ; work         ;
;       |debounce:lane_keys[3].u_deb|         ; 18 (17)             ; 16 (14)                   ; 0                 ; 0          ; 0    ; 0            ; |top_level|button_input:u_button_input|debounce:lane_keys[3].u_deb                                                               ; debounce            ; work         ;
;          |synchroniser:button_synchroniser| ; 1 (1)               ; 2 (2)                     ; 0                 ; 0          ; 0    ; 0            ; |top_level|button_input:u_button_input|debounce:lane_keys[3].u_deb|synchroniser:button_synchroniser                              ; synchroniser        ; work         ;
;       |debounce:u_sw0|                      ; 24 (24)             ; 22 (20)                   ; 0                 ; 0          ; 0    ; 0            ; |top_level|button_input:u_button_input|debounce:u_sw0                                                                            ; debounce            ; work         ;
;          |synchroniser:button_synchroniser| ; 0 (0)               ; 2 (2)                     ; 0                 ; 0          ; 0    ; 0            ; |top_level|button_input:u_button_input|debounce:u_sw0|synchroniser:button_synchroniser                                           ; synchroniser        ; work         ;
;       |debounce:u_sw1|                      ; 24 (24)             ; 22 (20)                   ; 0                 ; 0          ; 0    ; 0            ; |top_level|button_input:u_button_input|debounce:u_sw1                                                                            ; debounce            ; work         ;
;          |synchroniser:button_synchroniser| ; 0 (0)               ; 2 (2)                     ; 0                 ; 0          ; 0    ; 0            ; |top_level|button_input:u_button_input|debounce:u_sw1|synchroniser:button_synchroniser                                           ; synchroniser        ; work         ;
;       |debounce:u_sw2|                      ; 24 (24)             ; 22 (20)                   ; 0                 ; 0          ; 0    ; 0            ; |top_level|button_input:u_button_input|debounce:u_sw2                                                                            ; debounce            ; work         ;
;          |synchroniser:button_synchroniser| ; 0 (0)               ; 2 (2)                     ; 0                 ; 0          ; 0    ; 0            ; |top_level|button_input:u_button_input|debounce:u_sw2|synchroniser:button_synchroniser                                           ; synchroniser        ; work         ;
;    |hit_detector:u_hit_detector|            ; 182 (182)           ; 80 (80)                   ; 0                 ; 0          ; 0    ; 0            ; |top_level|hit_detector:u_hit_detector                                                                                           ; hit_detector        ; work         ;
;    |lane_controller:u_lane_controller|      ; 37 (37)             ; 4 (4)                     ; 0                 ; 0          ; 0    ; 0            ; |top_level|lane_controller:u_lane_controller                                                                                     ; lane_controller     ; work         ;
;    |level_select:u_level_select|            ; 2 (2)               ; 2 (2)                     ; 0                 ; 0          ; 0    ; 0            ; |top_level|level_select:u_level_select                                                                                           ; level_select        ; work         ;
;    |multiplier:u_multiplier|                ; 23 (23)             ; 5 (5)                     ; 0                 ; 0          ; 0    ; 0            ; |top_level|multiplier:u_multiplier                                                                                               ; multiplier          ; work         ;
;    |note_scheduler:u_note_scheduler|        ; 203 (203)           ; 33 (33)                   ; 0                 ; 0          ; 0    ; 0            ; |top_level|note_scheduler:u_note_scheduler                                                                                       ; note_scheduler      ; work         ;
;    |rng:u_rng|                              ; 7 (7)               ; 10 (10)                   ; 0                 ; 0          ; 0    ; 0            ; |top_level|rng:u_rng                                                                                                             ; rng                 ; work         ;
;    |score:u_score|                          ; 62 (62)             ; 7 (7)                     ; 0                 ; 0          ; 0    ; 0            ; |top_level|score:u_score                                                                                                         ; score               ; work         ;
;    |score_bcd:u_score_bcd|                  ; 107 (0)             ; 0 (0)                     ; 0                 ; 0          ; 0    ; 0            ; |top_level|score_bcd:u_score_bcd                                                                                                 ; score_bcd           ; work         ;
;       |lpm_divide:Div0|                     ; 38 (0)              ; 0 (0)                     ; 0                 ; 0          ; 0    ; 0            ; |top_level|score_bcd:u_score_bcd|lpm_divide:Div0                                                                                 ; lpm_divide          ; work         ;
;          |lpm_divide_4am:auto_generated|    ; 38 (0)              ; 0 (0)                     ; 0                 ; 0          ; 0    ; 0            ; |top_level|score_bcd:u_score_bcd|lpm_divide:Div0|lpm_divide_4am:auto_generated                                                   ; lpm_divide_4am      ; work         ;
;             |sign_div_unsign_akh:divider|   ; 38 (0)              ; 0 (0)                     ; 0                 ; 0          ; 0    ; 0            ; |top_level|score_bcd:u_score_bcd|lpm_divide:Div0|lpm_divide_4am:auto_generated|sign_div_unsign_akh:divider                       ; sign_div_unsign_akh ; work         ;
;                |alt_u_div_qse:divider|      ; 38 (38)             ; 0 (0)                     ; 0                 ; 0          ; 0    ; 0            ; |top_level|score_bcd:u_score_bcd|lpm_divide:Div0|lpm_divide_4am:auto_generated|sign_div_unsign_akh:divider|alt_u_div_qse:divider ; alt_u_div_qse       ; work         ;
;       |lpm_divide:Mod0|                     ; 27 (0)              ; 0 (0)                     ; 0                 ; 0          ; 0    ; 0            ; |top_level|score_bcd:u_score_bcd|lpm_divide:Mod0                                                                                 ; lpm_divide          ; work         ;
;          |lpm_divide_72m:auto_generated|    ; 27 (0)              ; 0 (0)                     ; 0                 ; 0          ; 0    ; 0            ; |top_level|score_bcd:u_score_bcd|lpm_divide:Mod0|lpm_divide_72m:auto_generated                                                   ; lpm_divide_72m      ; work         ;
;             |sign_div_unsign_akh:divider|   ; 27 (0)              ; 0 (0)                     ; 0                 ; 0          ; 0    ; 0            ; |top_level|score_bcd:u_score_bcd|lpm_divide:Mod0|lpm_divide_72m:auto_generated|sign_div_unsign_akh:divider                       ; sign_div_unsign_akh ; work         ;
;                |alt_u_div_qse:divider|      ; 27 (27)             ; 0 (0)                     ; 0                 ; 0          ; 0    ; 0            ; |top_level|score_bcd:u_score_bcd|lpm_divide:Mod0|lpm_divide_72m:auto_generated|sign_div_unsign_akh:divider|alt_u_div_qse:divider ; alt_u_div_qse       ; work         ;
;       |lpm_divide:Mod1|                     ; 42 (0)              ; 0 (0)                     ; 0                 ; 0          ; 0    ; 0            ; |top_level|score_bcd:u_score_bcd|lpm_divide:Mod1                                                                                 ; lpm_divide          ; work         ;
;          |lpm_divide_72m:auto_generated|    ; 42 (0)              ; 0 (0)                     ; 0                 ; 0          ; 0    ; 0            ; |top_level|score_bcd:u_score_bcd|lpm_divide:Mod1|lpm_divide_72m:auto_generated                                                   ; lpm_divide_72m      ; work         ;
;             |sign_div_unsign_akh:divider|   ; 42 (0)              ; 0 (0)                     ; 0                 ; 0          ; 0    ; 0            ; |top_level|score_bcd:u_score_bcd|lpm_divide:Mod1|lpm_divide_72m:auto_generated|sign_div_unsign_akh:divider                       ; sign_div_unsign_akh ; work         ;
;                |alt_u_div_qse:divider|      ; 42 (42)             ; 0 (0)                     ; 0                 ; 0          ; 0    ; 0            ; |top_level|score_bcd:u_score_bcd|lpm_divide:Mod1|lpm_divide_72m:auto_generated|sign_div_unsign_akh:divider|alt_u_div_qse:divider ; alt_u_div_qse       ; work         ;
;    |seven_seg:u_hex0|                       ; 7 (7)               ; 0 (0)                     ; 0                 ; 0          ; 0    ; 0            ; |top_level|seven_seg:u_hex0                                                                                                      ; seven_seg           ; work         ;
;    |seven_seg:u_hex1|                       ; 7 (7)               ; 0 (0)                     ; 0                 ; 0          ; 0    ; 0            ; |top_level|seven_seg:u_hex1                                                                                                      ; seven_seg           ; work         ;
;    |seven_seg:u_hex2|                       ; 7 (7)               ; 0 (0)                     ; 0                 ; 0          ; 0    ; 0            ; |top_level|seven_seg:u_hex2                                                                                                      ; seven_seg           ; work         ;
;    |seven_seg:u_hex3|                       ; 7 (7)               ; 0 (0)                     ; 0                 ; 0          ; 0    ; 0            ; |top_level|seven_seg:u_hex3                                                                                                      ; seven_seg           ; work         ;
;    |seven_seg:u_hex4|                       ; 7 (7)               ; 0 (0)                     ; 0                 ; 0          ; 0    ; 0            ; |top_level|seven_seg:u_hex4                                                                                                      ; seven_seg           ; work         ;
;    |seven_seg:u_hex5|                       ; 7 (7)               ; 0 (0)                     ; 0                 ; 0          ; 0    ; 0            ; |top_level|seven_seg:u_hex5                                                                                                      ; seven_seg           ; work         ;
+---------------------------------------------+---------------------+---------------------------+-------------------+------------+------+--------------+----------------------------------------------------------------------------------------------------------------------------------+---------------------+--------------+
Note: For table entries with two numbers listed, the numbers in parentheses indicate the number of resources of the given type used by the specific entity alone. The numbers listed outside of parentheses indicate the total resources of the given type used by the specific entity and all of its sub-entities in the hierarchy.


+------------------------------------------------------------------------------------------------------------------+
; Registers Removed During Synthesis                                                                               ;
+-----------------------------------------------------+------------------------------------------------------------+
; Register name                                       ; Reason for Removal                                         ;
+-----------------------------------------------------+------------------------------------------------------------+
; beat_gen:u_beat_gen|timer:u_phase|count_up          ; Stuck at VCC due to stuck port data_in                     ;
; beat_gen:u_beat_gen|timer:u_beat|count_up           ; Stuck at GND due to stuck port data_in                     ;
; beat_gen:u_beat_gen|timer:u_phase|clk_count[15]     ; Merged with beat_gen:u_beat_gen|timer:u_beat|clk_count[15] ;
; beat_gen:u_beat_gen|timer:u_phase|clk_count[14]     ; Merged with beat_gen:u_beat_gen|timer:u_beat|clk_count[14] ;
; beat_gen:u_beat_gen|timer:u_phase|clk_count[13]     ; Merged with beat_gen:u_beat_gen|timer:u_beat|clk_count[13] ;
; beat_gen:u_beat_gen|timer:u_phase|clk_count[12]     ; Merged with beat_gen:u_beat_gen|timer:u_beat|clk_count[12] ;
; beat_gen:u_beat_gen|timer:u_phase|clk_count[11]     ; Merged with beat_gen:u_beat_gen|timer:u_beat|clk_count[11] ;
; beat_gen:u_beat_gen|timer:u_phase|clk_count[10]     ; Merged with beat_gen:u_beat_gen|timer:u_beat|clk_count[10] ;
; beat_gen:u_beat_gen|timer:u_phase|clk_count[9]      ; Merged with beat_gen:u_beat_gen|timer:u_beat|clk_count[9]  ;
; beat_gen:u_beat_gen|timer:u_phase|clk_count[8]      ; Merged with beat_gen:u_beat_gen|timer:u_beat|clk_count[8]  ;
; beat_gen:u_beat_gen|timer:u_phase|clk_count[7]      ; Merged with beat_gen:u_beat_gen|timer:u_beat|clk_count[7]  ;
; beat_gen:u_beat_gen|timer:u_phase|clk_count[6]      ; Merged with beat_gen:u_beat_gen|timer:u_beat|clk_count[6]  ;
; beat_gen:u_beat_gen|timer:u_phase|clk_count[5]      ; Merged with beat_gen:u_beat_gen|timer:u_beat|clk_count[5]  ;
; beat_gen:u_beat_gen|timer:u_phase|clk_count[4]      ; Merged with beat_gen:u_beat_gen|timer:u_beat|clk_count[4]  ;
; beat_gen:u_beat_gen|timer:u_phase|clk_count[3]      ; Merged with beat_gen:u_beat_gen|timer:u_beat|clk_count[3]  ;
; beat_gen:u_beat_gen|timer:u_phase|clk_count[2]      ; Merged with beat_gen:u_beat_gen|timer:u_beat|clk_count[2]  ;
; beat_gen:u_beat_gen|timer:u_phase|clk_count[1]      ; Merged with beat_gen:u_beat_gen|timer:u_beat|clk_count[1]  ;
; beat_gen:u_beat_gen|timer:u_phase|clk_count[0]      ; Merged with beat_gen:u_beat_gen|timer:u_beat|clk_count[0]  ;
; note_scheduler:u_note_scheduler|schedule[0][15]     ; Stuck at GND due to stuck port data_in                     ;
; note_scheduler:u_note_scheduler|schedule[1][15]     ; Stuck at GND due to stuck port data_in                     ;
; note_scheduler:u_note_scheduler|schedule[2][15]     ; Stuck at GND due to stuck port data_in                     ;
; note_scheduler:u_note_scheduler|schedule[3][15]     ; Stuck at GND due to stuck port data_in                     ;
; note_scheduler:u_note_scheduler|schedule[0][14]     ; Stuck at GND due to stuck port data_in                     ;
; note_scheduler:u_note_scheduler|schedule[1][14]     ; Stuck at GND due to stuck port data_in                     ;
; note_scheduler:u_note_scheduler|schedule[2][14]     ; Stuck at GND due to stuck port data_in                     ;
; note_scheduler:u_note_scheduler|schedule[3][14]     ; Stuck at GND due to stuck port data_in                     ;
; note_scheduler:u_note_scheduler|schedule[0][13]     ; Stuck at GND due to stuck port data_in                     ;
; note_scheduler:u_note_scheduler|schedule[1][13]     ; Stuck at GND due to stuck port data_in                     ;
; note_scheduler:u_note_scheduler|schedule[2][13]     ; Stuck at GND due to stuck port data_in                     ;
; note_scheduler:u_note_scheduler|schedule[3][13]     ; Stuck at GND due to stuck port data_in                     ;
; note_scheduler:u_note_scheduler|schedule[0][12]     ; Stuck at GND due to stuck port data_in                     ;
; note_scheduler:u_note_scheduler|schedule[1][12]     ; Stuck at GND due to stuck port data_in                     ;
; note_scheduler:u_note_scheduler|schedule[2][12]     ; Stuck at GND due to stuck port data_in                     ;
; note_scheduler:u_note_scheduler|schedule[3][12]     ; Stuck at GND due to stuck port data_in                     ;
; note_scheduler:u_note_scheduler|schedule[0][11]     ; Stuck at GND due to stuck port data_in                     ;
; note_scheduler:u_note_scheduler|schedule[1][11]     ; Stuck at GND due to stuck port data_in                     ;
; note_scheduler:u_note_scheduler|schedule[2][11]     ; Stuck at GND due to stuck port data_in                     ;
; note_scheduler:u_note_scheduler|schedule[3][11]     ; Stuck at GND due to stuck port data_in                     ;
; note_scheduler:u_note_scheduler|schedule[0][10]     ; Stuck at GND due to stuck port data_in                     ;
; note_scheduler:u_note_scheduler|schedule[1][10]     ; Stuck at GND due to stuck port data_in                     ;
; note_scheduler:u_note_scheduler|schedule[2][10]     ; Stuck at GND due to stuck port data_in                     ;
; note_scheduler:u_note_scheduler|schedule[3][10]     ; Stuck at GND due to stuck port data_in                     ;
; note_scheduler:u_note_scheduler|schedule[0][9]      ; Stuck at GND due to stuck port data_in                     ;
; note_scheduler:u_note_scheduler|schedule[1][9]      ; Stuck at GND due to stuck port data_in                     ;
; note_scheduler:u_note_scheduler|schedule[2][9]      ; Stuck at GND due to stuck port data_in                     ;
; note_scheduler:u_note_scheduler|schedule[3][9]      ; Stuck at GND due to stuck port data_in                     ;
; note_scheduler:u_note_scheduler|schedule[0][8]      ; Stuck at GND due to stuck port data_in                     ;
; note_scheduler:u_note_scheduler|schedule[1][8]      ; Stuck at GND due to stuck port data_in                     ;
; note_scheduler:u_note_scheduler|schedule[2][8]      ; Stuck at GND due to stuck port data_in                     ;
; note_scheduler:u_note_scheduler|schedule[3][8]      ; Stuck at GND due to stuck port data_in                     ;
; note_scheduler:u_note_scheduler|schedule[0][7]      ; Stuck at GND due to stuck port data_in                     ;
; note_scheduler:u_note_scheduler|schedule[1][7]      ; Stuck at GND due to stuck port data_in                     ;
; note_scheduler:u_note_scheduler|schedule[2][7]      ; Stuck at GND due to stuck port data_in                     ;
; note_scheduler:u_note_scheduler|schedule[3][7]      ; Stuck at GND due to stuck port data_in                     ;
; note_scheduler:u_note_scheduler|cadence_count[1..3] ; Stuck at GND due to stuck port data_in                     ;
; Total Number of Removed Registers = 57              ;                                                            ;
+-----------------------------------------------------+------------------------------------------------------------+


+------------------------------------------------------------------------------------------------------------------------------+
; Removed Registers Triggering Further Register Optimizations                                                                  ;
+-------------------------------------------------+---------------------------+------------------------------------------------+
; Register name                                   ; Reason for Removal        ; Registers Removed due to This Register         ;
+-------------------------------------------------+---------------------------+------------------------------------------------+
; note_scheduler:u_note_scheduler|schedule[0][14] ; Stuck at GND              ; note_scheduler:u_note_scheduler|schedule[1][7] ;
;                                                 ; due to stuck port data_in ;                                                ;
+-------------------------------------------------+---------------------------+------------------------------------------------+


+------------------------------------------------------+
; General Register Statistics                          ;
+----------------------------------------------+-------+
; Statistic                                    ; Value ;
+----------------------------------------------+-------+
; Total registers                              ; 359   ;
; Number of registers using Synchronous Clear  ; 211   ;
; Number of registers using Synchronous Load   ; 0     ;
; Number of registers using Asynchronous Clear ; 0     ;
; Number of registers using Asynchronous Load  ; 0     ;
; Number of registers using Clock Enable       ; 234   ;
; Number of registers using Preset             ; 0     ;
+----------------------------------------------+-------+


+--------------------------------------------------+
; Inverted Register Statistics                     ;
+----------------------------------------+---------+
; Inverted Register                      ; Fan out ;
+----------------------------------------+---------+
; rng:u_rng|lfsr[4]                      ; 20      ;
; rng:u_rng|lfsr[7]                      ; 2       ;
; rng:u_rng|lfsr[6]                      ; 1       ;
; rng:u_rng|lfsr[9]                      ; 1       ;
; Total number of inverted registers = 4 ;         ;
+----------------------------------------+---------+


+-------------------------------------------------------------------------------------------------------------------------------------------------------------------------------------------+
; Multiplexer Restructuring Statistics (Restructuring Performed)                                                                                                                            ;
+--------------------+-----------+---------------+----------------------+------------------------+------------+-----------------------------------------------------------------------------+
; Multiplexer Inputs ; Bus Width ; Baseline Area ; Area if Restructured ; Saving if Restructured ; Registered ; Example Multiplexer Output                                                  ;
+--------------------+-----------+---------------+----------------------+------------------------+------------+-----------------------------------------------------------------------------+
; 3:1                ; 4 bits    ; 8 LEs         ; 8 LEs                ; 0 LEs                  ; Yes        ; |top_level|multiplier:u_multiplier|streak[2]                                ;
; 3:1                ; 16 bits   ; 32 LEs        ; 0 LEs                ; 32 LEs                 ; Yes        ; |top_level|win_ms_div[13]                                                   ;
; 3:1                ; 16 bits   ; 32 LEs        ; 0 LEs                ; 32 LEs                 ; Yes        ; |top_level|hit_detector:u_hit_detector|ms_div[13]                           ;
; 3:1                ; 4 bits    ; 8 LEs         ; 8 LEs                ; 0 LEs                  ; Yes        ; |top_level|note_scheduler:u_note_scheduler|due_notes[1]                     ;
; 3:1                ; 8 bits    ; 16 LEs        ; 0 LEs                ; 16 LEs                 ; Yes        ; |top_level|note_scheduler:u_note_scheduler|schedule[0][1]                   ;
; 3:1                ; 12 bits   ; 24 LEs        ; 0 LEs                ; 24 LEs                 ; Yes        ; |top_level|button_input:u_button_input|debounce:lane_keys[3].u_deb|count[5] ;
; 3:1                ; 12 bits   ; 24 LEs        ; 0 LEs                ; 24 LEs                 ; Yes        ; |top_level|button_input:u_button_input|debounce:lane_keys[2].u_deb|count[4] ;
; 3:1                ; 12 bits   ; 24 LEs        ; 0 LEs                ; 24 LEs                 ; Yes        ; |top_level|button_input:u_button_input|debounce:lane_keys[0].u_deb|count[9] ;
; 3:1                ; 12 bits   ; 24 LEs        ; 0 LEs                ; 24 LEs                 ; Yes        ; |top_level|button_input:u_button_input|debounce:lane_keys[1].u_deb|count[6] ;
; 3:1                ; 8 bits    ; 16 LEs        ; 8 LEs                ; 8 LEs                  ; Yes        ; |top_level|beat_gen:u_beat_gen|timer:u_beat|ms_count[6]                     ;
; 3:1                ; 13 bits   ; 26 LEs        ; 0 LEs                ; 26 LEs                 ; Yes        ; |top_level|beat_gen:u_beat_gen|timer:u_phase|ms_count[1]                    ;
; 3:1                ; 16 bits   ; 32 LEs        ; 0 LEs                ; 32 LEs                 ; Yes        ; |top_level|beat_gen:u_beat_gen|timer:u_beat|clk_count[4]                    ;
; 3:1                ; 18 bits   ; 36 LEs        ; 0 LEs                ; 36 LEs                 ; Yes        ; |top_level|button_input:u_button_input|debounce:u_sw0|count[15]             ;
; 3:1                ; 18 bits   ; 36 LEs        ; 0 LEs                ; 36 LEs                 ; Yes        ; |top_level|button_input:u_button_input|debounce:u_sw1|count[0]              ;
; 3:1                ; 18 bits   ; 36 LEs        ; 0 LEs                ; 36 LEs                 ; Yes        ; |top_level|button_input:u_button_input|debounce:u_sw2|count[17]             ;
; 4:1                ; 8 bits    ; 16 LEs        ; 0 LEs                ; 16 LEs                 ; Yes        ; |top_level|win_phase_ms[2]                                                  ;
; 4:1                ; 8 bits    ; 16 LEs        ; 8 LEs                ; 8 LEs                  ; Yes        ; |top_level|hit_detector:u_hit_detector|flash[0][5]                          ;
; 4:1                ; 8 bits    ; 16 LEs        ; 8 LEs                ; 8 LEs                  ; Yes        ; |top_level|hit_detector:u_hit_detector|flash[1][3]                          ;
; 4:1                ; 8 bits    ; 16 LEs        ; 8 LEs                ; 8 LEs                  ; Yes        ; |top_level|hit_detector:u_hit_detector|flash[2][6]                          ;
; 4:1                ; 8 bits    ; 16 LEs        ; 8 LEs                ; 8 LEs                  ; Yes        ; |top_level|hit_detector:u_hit_detector|flash[3][4]                          ;
; 4:1                ; 4 bits    ; 8 LEs         ; 8 LEs                ; 0 LEs                  ; Yes        ; |top_level|note_scheduler:u_note_scheduler|cadence_count[3]                 ;
; 5:1                ; 7 bits    ; 21 LEs        ; 14 LEs               ; 7 LEs                  ; Yes        ; |top_level|score:u_score|score[6]                                           ;
; 7:1                ; 6 bits    ; 24 LEs        ; 18 LEs               ; 6 LEs                  ; Yes        ; |top_level|hit_detector:u_hit_detector|blink_ms[0][5]                       ;
; 7:1                ; 6 bits    ; 24 LEs        ; 18 LEs               ; 6 LEs                  ; Yes        ; |top_level|hit_detector:u_hit_detector|blink_ms[1][5]                       ;
; 7:1                ; 6 bits    ; 24 LEs        ; 18 LEs               ; 6 LEs                  ; Yes        ; |top_level|hit_detector:u_hit_detector|blink_ms[2][5]                       ;
; 7:1                ; 6 bits    ; 24 LEs        ; 18 LEs               ; 6 LEs                  ; Yes        ; |top_level|hit_detector:u_hit_detector|blink_ms[3][1]                       ;
; 4:1                ; 13 bits   ; 26 LEs        ; 26 LEs               ; 0 LEs                  ; No         ; |top_level|note_scheduler:u_note_scheduler|Mux8                             ;
; 4:1                ; 14 bits   ; 28 LEs        ; 28 LEs               ; 0 LEs                  ; No         ; |top_level|note_scheduler:u_note_scheduler|Mux68                            ;
; 3:1                ; 4 bits    ; 8 LEs         ; 8 LEs                ; 0 LEs                  ; No         ; |top_level|score:u_score|Selector5                                          ;
; 6:1                ; 4 bits    ; 16 LEs        ; 16 LEs               ; 0 LEs                  ; No         ; |top_level|note_scheduler:u_note_scheduler|Mux3                             ;
; 7:1                ; 12 bits   ; 48 LEs        ; 48 LEs               ; 0 LEs                  ; No         ; |top_level|note_scheduler:u_note_scheduler|Mux22                            ;
+--------------------+-----------+---------------+----------------------+------------------------+------------+-----------------------------------------------------------------------------+


+---------------------------------------------------------------------------+
; Parameter Settings for User Entity Instance: Top-level Entity: |top_level ;
+----------------+--------+-------------------------------------------------+
; Parameter Name ; Value  ; Type                                            ;
+----------------+--------+-------------------------------------------------+
; CLKS_PER_MS    ; 50000  ; Signed Integer                                  ;
; KEY_DEBOUNCE   ; 2500   ; Signed Integer                                  ;
; SW_DEBOUNCE    ; 250000 ; Signed Integer                                  ;
; POR_COUNTS     ; 300000 ; Signed Integer                                  ;
+----------------+--------+-------------------------------------------------+
Note: In order to hide this table in the UI and the text report file, please set the "Show Parameter Settings in Synthesis Report" option in "Analysis and Synthesis Settings -> More Settings" to "Off".


+--------------------------------------------------------------------------+
; Parameter Settings for User Entity Instance: button_input:u_button_input ;
+----------------+--------+------------------------------------------------+
; Parameter Name ; Value  ; Type                                           ;
+----------------+--------+------------------------------------------------+
; NUM_LANES      ; 4      ; Signed Integer                                 ;
; KEY_DEBOUNCE   ; 2500   ; Signed Integer                                 ;
; SW_DEBOUNCE    ; 250000 ; Signed Integer                                 ;
; POR_COUNTS     ; 300000 ; Signed Integer                                 ;
+----------------+--------+------------------------------------------------+
Note: In order to hide this table in the UI and the text report file, please set the "Show Parameter Settings in Synthesis Report" option in "Analysis and Synthesis Settings -> More Settings" to "Off".


+------------------------------------------------------------------------------------------------------+
; Parameter Settings for User Entity Instance: button_input:u_button_input|debounce:lane_keys[0].u_deb ;
+----------------+-------+-----------------------------------------------------------------------------+
; Parameter Name ; Value ; Type                                                                        ;
+----------------+-------+-----------------------------------------------------------------------------+
; DELAY_COUNTS   ; 2500  ; Signed Integer                                                              ;
+----------------+-------+-----------------------------------------------------------------------------+
Note: In order to hide this table in the UI and the text report file, please set the "Show Parameter Settings in Synthesis Report" option in "Analysis and Synthesis Settings -> More Settings" to "Off".


+------------------------------------------------------------------------------------------------------+
; Parameter Settings for User Entity Instance: button_input:u_button_input|debounce:lane_keys[1].u_deb ;
+----------------+-------+-----------------------------------------------------------------------------+
; Parameter Name ; Value ; Type                                                                        ;
+----------------+-------+-----------------------------------------------------------------------------+
; DELAY_COUNTS   ; 2500  ; Signed Integer                                                              ;
+----------------+-------+-----------------------------------------------------------------------------+
Note: In order to hide this table in the UI and the text report file, please set the "Show Parameter Settings in Synthesis Report" option in "Analysis and Synthesis Settings -> More Settings" to "Off".


+------------------------------------------------------------------------------------------------------+
; Parameter Settings for User Entity Instance: button_input:u_button_input|debounce:lane_keys[2].u_deb ;
+----------------+-------+-----------------------------------------------------------------------------+
; Parameter Name ; Value ; Type                                                                        ;
+----------------+-------+-----------------------------------------------------------------------------+
; DELAY_COUNTS   ; 2500  ; Signed Integer                                                              ;
+----------------+-------+-----------------------------------------------------------------------------+
Note: In order to hide this table in the UI and the text report file, please set the "Show Parameter Settings in Synthesis Report" option in "Analysis and Synthesis Settings -> More Settings" to "Off".


+------------------------------------------------------------------------------------------------------+
; Parameter Settings for User Entity Instance: button_input:u_button_input|debounce:lane_keys[3].u_deb ;
+----------------+-------+-----------------------------------------------------------------------------+
; Parameter Name ; Value ; Type                                                                        ;
+----------------+-------+-----------------------------------------------------------------------------+
; DELAY_COUNTS   ; 2500  ; Signed Integer                                                              ;
+----------------+-------+-----------------------------------------------------------------------------+
Note: In order to hide this table in the UI and the text report file, please set the "Show Parameter Settings in Synthesis Report" option in "Analysis and Synthesis Settings -> More Settings" to "Off".


+-----------------------------------------------------------------------------------------+
; Parameter Settings for User Entity Instance: button_input:u_button_input|debounce:u_sw0 ;
+----------------+--------+---------------------------------------------------------------+
; Parameter Name ; Value  ; Type                                                          ;
+----------------+--------+---------------------------------------------------------------+
; DELAY_COUNTS   ; 250000 ; Signed Integer                                                ;
+----------------+--------+---------------------------------------------------------------+
Note: In order to hide this table in the UI and the text report file, please set the "Show Parameter Settings in Synthesis Report" option in "Analysis and Synthesis Settings -> More Settings" to "Off".


+-----------------------------------------------------------------------------------------+
; Parameter Settings for User Entity Instance: button_input:u_button_input|debounce:u_sw1 ;
+----------------+--------+---------------------------------------------------------------+
; Parameter Name ; Value  ; Type                                                          ;
+----------------+--------+---------------------------------------------------------------+
; DELAY_COUNTS   ; 250000 ; Signed Integer                                                ;
+----------------+--------+---------------------------------------------------------------+
Note: In order to hide this table in the UI and the text report file, please set the "Show Parameter Settings in Synthesis Report" option in "Analysis and Synthesis Settings -> More Settings" to "Off".


+-----------------------------------------------------------------------------------------+
; Parameter Settings for User Entity Instance: button_input:u_button_input|debounce:u_sw2 ;
+----------------+--------+---------------------------------------------------------------+
; Parameter Name ; Value  ; Type                                                          ;
+----------------+--------+---------------------------------------------------------------+
; DELAY_COUNTS   ; 250000 ; Signed Integer                                                ;
+----------------+--------+---------------------------------------------------------------+
Note: In order to hide this table in the UI and the text report file, please set the "Show Parameter Settings in Synthesis Report" option in "Analysis and Synthesis Settings -> More Settings" to "Off".


+------------------------------------------------------------------+
; Parameter Settings for User Entity Instance: beat_gen:u_beat_gen ;
+----------------+-------+-----------------------------------------+
; Parameter Name ; Value ; Type                                    ;
+----------------+-------+-----------------------------------------+
; CLKS_PER_MS    ; 50000 ; Signed Integer                          ;
+----------------+-------+-----------------------------------------+
Note: In order to hide this table in the UI and the text report file, please set the "Show Parameter Settings in Synthesis Report" option in "Analysis and Synthesis Settings -> More Settings" to "Off".


+-------------------------------------------------------------------------------+
; Parameter Settings for User Entity Instance: beat_gen:u_beat_gen|timer:u_beat ;
+----------------+-------+------------------------------------------------------+
; Parameter Name ; Value ; Type                                                 ;
+----------------+-------+------------------------------------------------------+
; MAX_MS         ; 2047  ; Signed Integer                                       ;
; CLKS_PER_MS    ; 50000 ; Signed Integer                                       ;
+----------------+-------+------------------------------------------------------+
Note: In order to hide this table in the UI and the text report file, please set the "Show Parameter Settings in Synthesis Report" option in "Analysis and Synthesis Settings -> More Settings" to "Off".


+--------------------------------------------------------------------------------+
; Parameter Settings for User Entity Instance: beat_gen:u_beat_gen|timer:u_phase ;
+----------------+-------+-------------------------------------------------------+
; Parameter Name ; Value ; Type                                                  ;
+----------------+-------+-------------------------------------------------------+
; MAX_MS         ; 2047  ; Signed Integer                                        ;
; CLKS_PER_MS    ; 50000 ; Signed Integer                                        ;
+----------------+-------+-------------------------------------------------------+
Note: In order to hide this table in the UI and the text report file, please set the "Show Parameter Settings in Synthesis Report" option in "Analysis and Synthesis Settings -> More Settings" to "Off".


+--------------------------------------------------------+
; Parameter Settings for User Entity Instance: rng:u_rng ;
+----------------+------------+--------------------------+
; Parameter Name ; Value      ; Type                     ;
+----------------+------------+--------------------------+
; LFSR_BITS      ; 10         ; Signed Integer           ;
; SEED           ; 0101101000 ; Unsigned Binary          ;
+----------------+------------+--------------------------+
Note: In order to hide this table in the UI and the text report file, please set the "Show Parameter Settings in Synthesis Report" option in "Analysis and Synthesis Settings -> More Settings" to "Off".


+------------------------------------------------------------------------------+
; Parameter Settings for User Entity Instance: note_scheduler:u_note_scheduler ;
+----------------+-------+-----------------------------------------------------+
; Parameter Name ; Value ; Type                                                ;
+----------------+-------+-----------------------------------------------------+
; RNG_WIDTH      ; 10    ; Signed Integer                                      ;
; RESERVE_W      ; 16    ; Signed Integer                                      ;
; SPAWN_RETRIES  ; 4     ; Signed Integer                                      ;
+----------------+-------+-----------------------------------------------------+
Note: In order to hide this table in the UI and the text report file, please set the "Show Parameter Settings in Synthesis Report" option in "Analysis and Synthesis Settings -> More Settings" to "Off".


+--------------------------------------------------------------------------+
; Parameter Settings for User Entity Instance: hit_detector:u_hit_detector ;
+------------------+-------+-----------------------------------------------+
; Parameter Name   ; Value ; Type                                          ;
+------------------+-------+-----------------------------------------------+
; NUM_LANES        ; 4     ; Signed Integer                                ;
; CLKS_PER_MS      ; 50000 ; Signed Integer                                ;
; FLASH_MS         ; 250   ; Signed Integer                                ;
; PERFECT_BLINK_MS ; 50    ; Signed Integer                                ;
; MS_W             ; 11    ; Signed Integer                                ;
+------------------+-------+-----------------------------------------------+
Note: In order to hide this table in the UI and the text report file, please set the "Show Parameter Settings in Synthesis Report" option in "Analysis and Synthesis Settings -> More Settings" to "Off".


+----------------------------------------------------------------------+
; Parameter Settings for User Entity Instance: multiplier:u_multiplier ;
+----------------+-------+---------------------------------------------+
; Parameter Name ; Value ; Type                                        ;
+----------------+-------+---------------------------------------------+
; NUM_LANES      ; 4     ; Signed Integer                              ;
; MULT2_AT       ; 6     ; Signed Integer                              ;
; MULT3_AT       ; 16    ; Signed Integer                              ;
; MAX_STREAK     ; 31    ; Signed Integer                              ;
; STREAK_W       ; 5     ; Signed Integer                              ;
+----------------+-------+---------------------------------------------+
Note: In order to hide this table in the UI and the text report file, please set the "Show Parameter Settings in Synthesis Report" option in "Analysis and Synthesis Settings -> More Settings" to "Off".


+------------------------------------------------------------+
; Parameter Settings for User Entity Instance: score:u_score ;
+-----------------+-------+----------------------------------+
; Parameter Name  ; Value ; Type                             ;
+-----------------+-------+----------------------------------+
; NUM_LANES       ; 4     ; Signed Integer                   ;
; WIN_SCORE       ; 99    ; Signed Integer                   ;
; BASE_POINTS     ; 1     ; Signed Integer                   ;
; PERFECT_POINTS  ; 2     ; Signed Integer                   ;
; FORFEIT_PENALTY ; 1     ; Signed Integer                   ;
; STRAY_PENALTY   ; 1     ; Signed Integer                   ;
+-----------------+-------+----------------------------------+
Note: In order to hide this table in the UI and the text report file, please set the "Show Parameter Settings in Synthesis Report" option in "Analysis and Synthesis Settings -> More Settings" to "Off".


+--------------------------------------------------------------------+
; Parameter Settings for User Entity Instance: score_bcd:u_score_bcd ;
+----------------+-------+-------------------------------------------+
; Parameter Name ; Value ; Type                                      ;
+----------------+-------+-------------------------------------------+
; MAX_VALUE      ; 99    ; Signed Integer                            ;
+----------------+-------+-------------------------------------------+
Note: In order to hide this table in the UI and the text report file, please set the "Show Parameter Settings in Synthesis Report" option in "Analysis and Synthesis Settings -> More Settings" to "Off".


+----------------------------------------------------------------------------------------+
; Parameter Settings for Inferred Entity Instance: score_bcd:u_score_bcd|lpm_divide:Mod1 ;
+------------------------+----------------+----------------------------------------------+
; Parameter Name         ; Value          ; Type                                         ;
+------------------------+----------------+----------------------------------------------+
; LPM_WIDTHN             ; 7              ; Untyped                                      ;
; LPM_WIDTHD             ; 4              ; Untyped                                      ;
; LPM_NREPRESENTATION    ; UNSIGNED       ; Untyped                                      ;
; LPM_DREPRESENTATION    ; UNSIGNED       ; Untyped                                      ;
; LPM_PIPELINE           ; 0              ; Untyped                                      ;
; LPM_REMAINDERPOSITIVE  ; TRUE           ; Untyped                                      ;
; MAXIMIZE_SPEED         ; 5              ; Untyped                                      ;
; CBXI_PARAMETER         ; lpm_divide_72m ; Untyped                                      ;
; CARRY_CHAIN            ; MANUAL         ; Untyped                                      ;
; OPTIMIZE_FOR_SPEED     ; 5              ; Untyped                                      ;
; AUTO_CARRY_CHAINS      ; ON             ; AUTO_CARRY                                   ;
; IGNORE_CARRY_BUFFERS   ; OFF            ; IGNORE_CARRY                                 ;
; AUTO_CASCADE_CHAINS    ; ON             ; AUTO_CASCADE                                 ;
; IGNORE_CASCADE_BUFFERS ; OFF            ; IGNORE_CASCADE                               ;
+------------------------+----------------+----------------------------------------------+
Note: In order to hide this table in the UI and the text report file, please set the "Show Parameter Settings in Synthesis Report" option in "Analysis and Synthesis Settings -> More Settings" to "Off".


+----------------------------------------------------------------------------------------+
; Parameter Settings for Inferred Entity Instance: score_bcd:u_score_bcd|lpm_divide:Div0 ;
+------------------------+----------------+----------------------------------------------+
; Parameter Name         ; Value          ; Type                                         ;
+------------------------+----------------+----------------------------------------------+
; LPM_WIDTHN             ; 7              ; Untyped                                      ;
; LPM_WIDTHD             ; 4              ; Untyped                                      ;
; LPM_NREPRESENTATION    ; UNSIGNED       ; Untyped                                      ;
; LPM_DREPRESENTATION    ; UNSIGNED       ; Untyped                                      ;
; LPM_PIPELINE           ; 0              ; Untyped                                      ;
; LPM_REMAINDERPOSITIVE  ; TRUE           ; Untyped                                      ;
; MAXIMIZE_SPEED         ; 5              ; Untyped                                      ;
; CBXI_PARAMETER         ; lpm_divide_4am ; Untyped                                      ;
; CARRY_CHAIN            ; MANUAL         ; Untyped                                      ;
; OPTIMIZE_FOR_SPEED     ; 5              ; Untyped                                      ;
; AUTO_CARRY_CHAINS      ; ON             ; AUTO_CARRY                                   ;
; IGNORE_CARRY_BUFFERS   ; OFF            ; IGNORE_CARRY                                 ;
; AUTO_CASCADE_CHAINS    ; ON             ; AUTO_CASCADE                                 ;
; IGNORE_CASCADE_BUFFERS ; OFF            ; IGNORE_CASCADE                               ;
+------------------------+----------------+----------------------------------------------+
Note: In order to hide this table in the UI and the text report file, please set the "Show Parameter Settings in Synthesis Report" option in "Analysis and Synthesis Settings -> More Settings" to "Off".


+----------------------------------------------------------------------------------------+
; Parameter Settings for Inferred Entity Instance: score_bcd:u_score_bcd|lpm_divide:Mod0 ;
+------------------------+----------------+----------------------------------------------+
; Parameter Name         ; Value          ; Type                                         ;
+------------------------+----------------+----------------------------------------------+
; LPM_WIDTHN             ; 7              ; Untyped                                      ;
; LPM_WIDTHD             ; 4              ; Untyped                                      ;
; LPM_NREPRESENTATION    ; UNSIGNED       ; Untyped                                      ;
; LPM_DREPRESENTATION    ; UNSIGNED       ; Untyped                                      ;
; LPM_PIPELINE           ; 0              ; Untyped                                      ;
; LPM_REMAINDERPOSITIVE  ; TRUE           ; Untyped                                      ;
; MAXIMIZE_SPEED         ; 5              ; Untyped                                      ;
; CBXI_PARAMETER         ; lpm_divide_72m ; Untyped                                      ;
; CARRY_CHAIN            ; MANUAL         ; Untyped                                      ;
; OPTIMIZE_FOR_SPEED     ; 5              ; Untyped                                      ;
; AUTO_CARRY_CHAINS      ; ON             ; AUTO_CARRY                                   ;
; IGNORE_CARRY_BUFFERS   ; OFF            ; IGNORE_CARRY                                 ;
; AUTO_CASCADE_CHAINS    ; ON             ; AUTO_CASCADE                                 ;
; IGNORE_CASCADE_BUFFERS ; OFF            ; IGNORE_CASCADE                               ;
+------------------------+----------------+----------------------------------------------+
Note: In order to hide this table in the UI and the text report file, please set the "Show Parameter Settings in Synthesis Report" option in "Analysis and Synthesis Settings -> More Settings" to "Off".


+----------------------------------------------------------------------------------------------------------------------------+
; Port Connectivity Checks: "multiplier:u_multiplier"                                                                        ;
+------------------+--------+----------+-------------------------------------------------------------------------------------+
; Port             ; Type   ; Severity ; Details                                                                             ;
+------------------+--------+----------+-------------------------------------------------------------------------------------+
; streak           ; Output ; Info     ; Connected to dangling logic. Logic that only feeds a dangling port will be removed. ;
; multiplier_value ; Output ; Info     ; Connected to dangling logic. Logic that only feeds a dangling port will be removed. ;
+------------------+--------+----------+-------------------------------------------------------------------------------------+


+---------------------------------------------------------------+
; Port Connectivity Checks: "beat_gen:u_beat_gen|timer:u_phase" ;
+-------------+-------+----------+------------------------------+
; Port        ; Type  ; Severity ; Details                      ;
+-------------+-------+----------+------------------------------+
; up          ; Input ; Info     ; Stuck at VCC                 ;
; start_value ; Input ; Info     ; Stuck at GND                 ;
; enable      ; Input ; Info     ; Stuck at VCC                 ;
+-------------+-------+----------+------------------------------+


+--------------------------------------------------------------+
; Port Connectivity Checks: "beat_gen:u_beat_gen|timer:u_beat" ;
+--------+-------+----------+----------------------------------+
; Port   ; Type  ; Severity ; Details                          ;
+--------+-------+----------+----------------------------------+
; up     ; Input ; Info     ; Stuck at GND                     ;
; enable ; Input ; Info     ; Stuck at VCC                     ;
+--------+-------+----------+----------------------------------+


+----------------------------------------------------------------------------------------------------------------------+
; Port Connectivity Checks: "level_select:u_level_select"                                                              ;
+------------+--------+----------+-------------------------------------------------------------------------------------+
; Port       ; Type   ; Severity ; Details                                                                             ;
+------------+--------+----------+-------------------------------------------------------------------------------------+
; difficulty ; Output ; Info     ; Connected to dangling logic. Logic that only feeds a dangling port will be removed. ;
+------------+--------+----------+-------------------------------------------------------------------------------------+


+-----------------------------------------------------------------------------------------------------------------+
; Port Connectivity Checks: "button_input:u_button_input"                                                         ;
+-------+--------+----------+-------------------------------------------------------------------------------------+
; Port  ; Type   ; Severity ; Details                                                                             ;
+-------+--------+----------+-------------------------------------------------------------------------------------+
; press ; Output ; Info     ; Connected to dangling logic. Logic that only feeds a dangling port will be removed. ;
+-------+--------+----------+-------------------------------------------------------------------------------------+


+-----------------------------------------------------+
; Post-Synthesis Netlist Statistics for Top Partition ;
+-----------------------+-----------------------------+
; Type                  ; Count                       ;
+-----------------------+-----------------------------+
; arriav_ff             ; 359                         ;
;     ENA               ; 71                          ;
;     ENA SCLR          ; 163                         ;
;     SCLR              ; 48                          ;
;     plain             ; 77                          ;
; arriav_lcell_comb     ; 955                         ;
;     arith             ; 316                         ;
;         0 data inputs ; 21                          ;
;         1 data inputs ; 241                         ;
;         2 data inputs ; 13                          ;
;         3 data inputs ; 22                          ;
;         4 data inputs ; 10                          ;
;         5 data inputs ; 9                           ;
;     extend            ; 7                           ;
;         7 data inputs ; 7                           ;
;     normal            ; 612                         ;
;         1 data inputs ; 24                          ;
;         2 data inputs ; 78                          ;
;         3 data inputs ; 80                          ;
;         4 data inputs ; 176                         ;
;         5 data inputs ; 106                         ;
;         6 data inputs ; 148                         ;
;     shared            ; 20                          ;
;         0 data inputs ; 7                           ;
;         1 data inputs ; 10                          ;
;         3 data inputs ; 2                           ;
;         4 data inputs ; 1                           ;
; boundary_port         ; 67                          ;
;                       ;                             ;
; Max LUT depth         ; 15.00                       ;
; Average LUT depth     ; 5.99                        ;
+-----------------------+-----------------------------+


+-------------------------------+
; Elapsed Time Per Partition    ;
+----------------+--------------+
; Partition Name ; Elapsed Time ;
+----------------+--------------+
; Top            ; 00:00:04     ;
+----------------+--------------+


+-------------------------------+
; Analysis & Synthesis Messages ;
+-------------------------------+
Info: *******************************************************************
Info: Running Quartus Prime Analysis & Synthesis
    Info: Version 18.1.0 Build 625 09/12/2018 SJ Lite Edition
    Info: Processing started: Thu Aug 27 20:34:28 2026
Info: Command: quartus_map --read_settings_files=on --write_settings_files=off piano_tiles -c top_level
Warning (18236): Number of processors has not been specified which may cause overloading on shared machines.  Set the global assignment NUM_PARALLEL_PROCESSORS in your QSF to an appropriate value for best performance.
Info (20030): Parallel compilation is enabled and will use 4 of the 4 processors detected
Info (12021): Found 1 design units, including 1 entities, in source file player_input/synchroniser.v
    Info (12023): Found entity 1: synchroniser File: C:/Users/jimmy/Documents/Year_3/MTRX3700/piano_tiles/player_input/synchroniser.v Line: 13
Info (12021): Found 1 design units, including 1 entities, in source file player_input/debounce.v
    Info (12023): Found entity 1: debounce File: C:/Users/jimmy/Documents/Year_3/MTRX3700/piano_tiles/player_input/debounce.v Line: 1
Info (12021): Found 1 design units, including 1 entities, in source file timing/timer.v
    Info (12023): Found entity 1: timer File: C:/Users/jimmy/Documents/Year_3/MTRX3700/piano_tiles/timing/timer.v Line: 3
Info (12021): Found 1 design units, including 1 entities, in source file display/sev_seg.v
    Info (12023): Found entity 1: seven_seg File: C:/Users/jimmy/Documents/Year_3/MTRX3700/piano_tiles/display/sev_seg.v Line: 1
Info (12021): Found 1 design units, including 1 entities, in source file rob/rng.sv
    Info (12023): Found entity 1: rng File: C:/Users/jimmy/Documents/Year_3/MTRX3700/piano_tiles/Rob/rng.sv Line: 12
Info (12021): Found 1 design units, including 1 entities, in source file player_input/button_input.sv
    Info (12023): Found entity 1: button_input File: C:/Users/jimmy/Documents/Year_3/MTRX3700/piano_tiles/player_input/button_input.sv Line: 69
Info (12021): Found 1 design units, including 1 entities, in source file timing/beat_gen.sv
    Info (12023): Found entity 1: beat_gen File: C:/Users/jimmy/Documents/Year_3/MTRX3700/piano_tiles/timing/beat_gen.sv Line: 10
Info (12021): Found 1 design units, including 1 entities, in source file game_mechanics/hit_detector.sv
    Info (12023): Found entity 1: hit_detector File: C:/Users/jimmy/Documents/Year_3/MTRX3700/piano_tiles/game_mechanics/hit_detector.sv Line: 49
Info (12021): Found 1 design units, including 1 entities, in source file rob/note_scheduler.sv
    Info (12023): Found entity 1: note_scheduler File: C:/Users/jimmy/Documents/Year_3/MTRX3700/piano_tiles/Rob/note_scheduler.sv Line: 11
Info (12021): Found 1 design units, including 1 entities, in source file rob/lane_controller.sv
    Info (12023): Found entity 1: lane_controller File: C:/Users/jimmy/Documents/Year_3/MTRX3700/piano_tiles/Rob/lane_controller.sv Line: 1
Info (12021): Found 1 design units, including 1 entities, in source file game_mechanics/level_select.sv
    Info (12023): Found entity 1: level_select File: C:/Users/jimmy/Documents/Year_3/MTRX3700/piano_tiles/game_mechanics/level_select.sv Line: 38
Info (12021): Found 1 design units, including 1 entities, in source file game_mechanics/multiplier.sv
    Info (12023): Found entity 1: multiplier File: C:/Users/jimmy/Documents/Year_3/MTRX3700/piano_tiles/game_mechanics/multiplier.sv Line: 42
Info (12021): Found 1 design units, including 1 entities, in source file game_mechanics/score.sv
    Info (12023): Found entity 1: score File: C:/Users/jimmy/Documents/Year_3/MTRX3700/piano_tiles/game_mechanics/score.sv Line: 47
Info (12021): Found 1 design units, including 1 entities, in source file game_mechanics/score_board_bcd.sv
    Info (12023): Found entity 1: score_bcd File: C:/Users/jimmy/Documents/Year_3/MTRX3700/piano_tiles/game_mechanics/score_board_bcd.sv Line: 27
Info (12021): Found 1 design units, including 1 entities, in source file game_mechanics/top_level.v
    Info (12023): Found entity 1: top_level File: C:/Users/jimmy/Documents/Year_3/MTRX3700/piano_tiles/game_mechanics/top_level.v Line: 54
Info (12127): Elaborating entity "top_level" for the top level hierarchy
Info (12128): Elaborating entity "button_input" for hierarchy "button_input:u_button_input" File: C:/Users/jimmy/Documents/Year_3/MTRX3700/piano_tiles/game_mechanics/top_level.v Line: 102
Info (12128): Elaborating entity "debounce" for hierarchy "button_input:u_button_input|debounce:lane_keys[0].u_deb" File: C:/Users/jimmy/Documents/Year_3/MTRX3700/piano_tiles/player_input/button_input.sv Line: 116
Warning (10230): Verilog HDL assignment warning at debounce.v(17): truncated value with size 32 to match size of target (12) File: C:/Users/jimmy/Documents/Year_3/MTRX3700/piano_tiles/player_input/debounce.v Line: 17
Info (12128): Elaborating entity "synchroniser" for hierarchy "button_input:u_button_input|debounce:lane_keys[0].u_deb|synchroniser:button_synchroniser" File: C:/Users/jimmy/Documents/Year_3/MTRX3700/piano_tiles/player_input/debounce.v Line: 9
Info (12128): Elaborating entity "debounce" for hierarchy "button_input:u_button_input|debounce:u_sw0" File: C:/Users/jimmy/Documents/Year_3/MTRX3700/piano_tiles/player_input/button_input.sv Line: 145
Warning (10230): Verilog HDL assignment warning at debounce.v(17): truncated value with size 32 to match size of target (18) File: C:/Users/jimmy/Documents/Year_3/MTRX3700/piano_tiles/player_input/debounce.v Line: 17
Info (12128): Elaborating entity "level_select" for hierarchy "level_select:u_level_select" File: C:/Users/jimmy/Documents/Year_3/MTRX3700/piano_tiles/game_mechanics/top_level.v Line: 150
Info (12128): Elaborating entity "beat_gen" for hierarchy "beat_gen:u_beat_gen" File: C:/Users/jimmy/Documents/Year_3/MTRX3700/piano_tiles/game_mechanics/top_level.v Line: 167
Info (12128): Elaborating entity "timer" for hierarchy "beat_gen:u_beat_gen|timer:u_beat" File: C:/Users/jimmy/Documents/Year_3/MTRX3700/piano_tiles/timing/beat_gen.sv Line: 46
Warning (10230): Verilog HDL assignment warning at timer.v(38): truncated value with size 32 to match size of target (11) File: C:/Users/jimmy/Documents/Year_3/MTRX3700/piano_tiles/timing/timer.v Line: 38
Warning (10230): Verilog HDL assignment warning at timer.v(39): truncated value with size 32 to match size of target (11) File: C:/Users/jimmy/Documents/Year_3/MTRX3700/piano_tiles/timing/timer.v Line: 39
Warning (10230): Verilog HDL assignment warning at timer.v(41): truncated value with size 32 to match size of target (16) File: C:/Users/jimmy/Documents/Year_3/MTRX3700/piano_tiles/timing/timer.v Line: 41
Info (12128): Elaborating entity "rng" for hierarchy "rng:u_rng" File: C:/Users/jimmy/Documents/Year_3/MTRX3700/piano_tiles/game_mechanics/top_level.v Line: 181
Info (12128): Elaborating entity "note_scheduler" for hierarchy "note_scheduler:u_note_scheduler" File: C:/Users/jimmy/Documents/Year_3/MTRX3700/piano_tiles/game_mechanics/top_level.v Line: 208
Info (12128): Elaborating entity "lane_controller" for hierarchy "lane_controller:u_lane_controller" File: C:/Users/jimmy/Documents/Year_3/MTRX3700/piano_tiles/game_mechanics/top_level.v Line: 238
Info (12128): Elaborating entity "hit_detector" for hierarchy "hit_detector:u_hit_detector" File: C:/Users/jimmy/Documents/Year_3/MTRX3700/piano_tiles/game_mechanics/top_level.v Line: 262
Info (12128): Elaborating entity "multiplier" for hierarchy "multiplier:u_multiplier" File: C:/Users/jimmy/Documents/Year_3/MTRX3700/piano_tiles/game_mechanics/top_level.v Line: 287
Info (12128): Elaborating entity "score" for hierarchy "score:u_score" File: C:/Users/jimmy/Documents/Year_3/MTRX3700/piano_tiles/game_mechanics/top_level.v Line: 303
Info (12128): Elaborating entity "score_bcd" for hierarchy "score_bcd:u_score_bcd" File: C:/Users/jimmy/Documents/Year_3/MTRX3700/piano_tiles/game_mechanics/top_level.v Line: 338
Info (12128): Elaborating entity "seven_seg" for hierarchy "seven_seg:u_hex0" File: C:/Users/jimmy/Documents/Year_3/MTRX3700/piano_tiles/game_mechanics/top_level.v Line: 354
Info (278001): Inferred 3 megafunctions from design logic
    Info (278004): Inferred divider/modulo megafunction ("lpm_divide") from the following logic: "score_bcd:u_score_bcd|Mod1" File: C:/Users/jimmy/Documents/Year_3/MTRX3700/piano_tiles/game_mechanics/score_board_bcd.sv Line: 37
    Info (278004): Inferred divider/modulo megafunction ("lpm_divide") from the following logic: "score_bcd:u_score_bcd|Div0" File: C:/Users/jimmy/Documents/Year_3/MTRX3700/piano_tiles/game_mechanics/score_board_bcd.sv Line: 36
    Info (278004): Inferred divider/modulo megafunction ("lpm_divide") from the following logic: "score_bcd:u_score_bcd|Mod0" File: C:/Users/jimmy/Documents/Year_3/MTRX3700/piano_tiles/game_mechanics/score_board_bcd.sv Line: 36
Info (12130): Elaborated megafunction instantiation "score_bcd:u_score_bcd|lpm_divide:Mod1" File: C:/Users/jimmy/Documents/Year_3/MTRX3700/piano_tiles/game_mechanics/score_board_bcd.sv Line: 37
Info (12133): Instantiated megafunction "score_bcd:u_score_bcd|lpm_divide:Mod1" with the following parameter: File: C:/Users/jimmy/Documents/Year_3/MTRX3700/piano_tiles/game_mechanics/score_board_bcd.sv Line: 37
    Info (12134): Parameter "LPM_WIDTHN" = "7"
    Info (12134): Parameter "LPM_WIDTHD" = "4"
    Info (12134): Parameter "LPM_NREPRESENTATION" = "UNSIGNED"
    Info (12134): Parameter "LPM_DREPRESENTATION" = "UNSIGNED"
Info (12021): Found 1 design units, including 1 entities, in source file db/lpm_divide_72m.tdf
    Info (12023): Found entity 1: lpm_divide_72m File: C:/Users/jimmy/Documents/Year_3/MTRX3700/piano_tiles/db/lpm_divide_72m.tdf Line: 24
Info (12021): Found 1 design units, including 1 entities, in source file db/sign_div_unsign_akh.tdf
    Info (12023): Found entity 1: sign_div_unsign_akh File: C:/Users/jimmy/Documents/Year_3/MTRX3700/piano_tiles/db/sign_div_unsign_akh.tdf Line: 24
Info (12021): Found 1 design units, including 1 entities, in source file db/alt_u_div_qse.tdf
    Info (12023): Found entity 1: alt_u_div_qse File: C:/Users/jimmy/Documents/Year_3/MTRX3700/piano_tiles/db/alt_u_div_qse.tdf Line: 22
Info (12130): Elaborated megafunction instantiation "score_bcd:u_score_bcd|lpm_divide:Div0" File: C:/Users/jimmy/Documents/Year_3/MTRX3700/piano_tiles/game_mechanics/score_board_bcd.sv Line: 36
Info (12133): Instantiated megafunction "score_bcd:u_score_bcd|lpm_divide:Div0" with the following parameter: File: C:/Users/jimmy/Documents/Year_3/MTRX3700/piano_tiles/game_mechanics/score_board_bcd.sv Line: 36
    Info (12134): Parameter "LPM_WIDTHN" = "7"
    Info (12134): Parameter "LPM_WIDTHD" = "4"
    Info (12134): Parameter "LPM_NREPRESENTATION" = "UNSIGNED"
    Info (12134): Parameter "LPM_DREPRESENTATION" = "UNSIGNED"
Info (12021): Found 1 design units, including 1 entities, in source file db/lpm_divide_4am.tdf
    Info (12023): Found entity 1: lpm_divide_4am File: C:/Users/jimmy/Documents/Year_3/MTRX3700/piano_tiles/db/lpm_divide_4am.tdf Line: 24
Info (286030): Timing-Driven Synthesis is running
Info (16010): Generating hard_block partition "hard_block:auto_generated_inst"
    Info (16011): Adding 0 node(s), including 0 DDIO, 0 PLL, 0 transceiver and 0 LCELL
Warning (21074): Design contains 7 input pin(s) that do not drive logic
    Warning (15610): No output dependent on input pin "SW[3]" File: C:/Users/jimmy/Documents/Year_3/MTRX3700/piano_tiles/game_mechanics/top_level.v Line: 73
    Warning (15610): No output dependent on input pin "SW[4]" File: C:/Users/jimmy/Documents/Year_3/MTRX3700/piano_tiles/game_mechanics/top_level.v Line: 73
    Warning (15610): No output dependent on input pin "SW[5]" File: C:/Users/jimmy/Documents/Year_3/MTRX3700/piano_tiles/game_mechanics/top_level.v Line: 73
    Warning (15610): No output dependent on input pin "SW[6]" File: C:/Users/jimmy/Documents/Year_3/MTRX3700/piano_tiles/game_mechanics/top_level.v Line: 73
    Warning (15610): No output dependent on input pin "SW[7]" File: C:/Users/jimmy/Documents/Year_3/MTRX3700/piano_tiles/game_mechanics/top_level.v Line: 73
    Warning (15610): No output dependent on input pin "SW[8]" File: C:/Users/jimmy/Documents/Year_3/MTRX3700/piano_tiles/game_mechanics/top_level.v Line: 73
    Warning (15610): No output dependent on input pin "SW[9]" File: C:/Users/jimmy/Documents/Year_3/MTRX3700/piano_tiles/game_mechanics/top_level.v Line: 73
Info (21057): Implemented 1043 device resources after synthesis - the final resource count might be different
    Info (21058): Implemented 15 input pins
    Info (21059): Implemented 52 output pins
    Info (21061): Implemented 976 logic cells
Info: Quartus Prime Analysis & Synthesis was successful. 0 errors, 14 warnings
    Info: Peak virtual memory: 4855 megabytes
    Info: Processing ended: Thu Aug 27 20:34:51 2026
    Info: Elapsed time: 00:00:23
    Info: Total CPU time (on all processors): 00:00:40


